
Memory Configuration

Name             Origin             Length             Attributes
IVECS            0x0000000008000000 0x00000000000001d8 r
PGM              0x0000000008000400 0x0000000000000c00 xr
EXHANDS          0x0000000008001000 0x0000000000000400 xr
RAM              0x0000000020000000 0x0000000000001800 rw
*default*        0x0000000000000000 0xffffffffffffffff

Linker script and memory map


.vectortable    0x0000000008000000       0x10
                0x0000000008000000                . = ALIGN (0x4)
 *(.vectortable)
 .vectortable   0x0000000008000000       0x10 task2.o
                0x0000000008000010                . = ALIGN (0x4)

.text           0x0000000008000400       0xcc
 *(.text)
 .text          0x0000000008000400       0xcc task2.o
                0x0000000008000400                init
                0x0000000008000478                main
                0x0000000008000494                todolight
                0x00000000080004a0                delay
                0x00000000080004b0                stop

.glue_7         0x00000000080004cc        0x0
 .glue_7        0x00000000080004cc        0x0 linker stubs

.glue_7t        0x00000000080004cc        0x0
 .glue_7t       0x00000000080004cc        0x0 linker stubs

.vfp11_veneer   0x00000000080004cc        0x0
 .vfp11_veneer  0x00000000080004cc        0x0 linker stubs

.v4_bx          0x00000000080004cc        0x0
 .v4_bx         0x00000000080004cc        0x0 linker stubs

.iplt           0x00000000080004cc        0x0
 .iplt          0x00000000080004cc        0x0 task2.o

.exhand         0x0000000008001000       0x58
 *(.exhand)
 .exhand        0x0000000008001000       0x58 task2.o
LOAD task2.o
OUTPUT(task2.elf elf32-littlearm)
LOAD linker stubs

.rel.dyn        0x0000000008001058        0x0
 .rel.iplt      0x0000000008001058        0x0 task2.o

.data           0x0000000008001058        0x0
 .data          0x0000000008001058        0x0 task2.o

.igot.plt       0x0000000008001058        0x0
 .igot.plt      0x0000000008001058        0x0 task2.o

.bss            0x0000000008001058        0x0
 .bss           0x0000000008001058        0x0 task2.o

.ARM.attributes
                0x0000000000000000       0x21
 .ARM.attributes
                0x0000000000000000       0x21 task2.o

.debug_line     0x0000000000000000       0xd3
 .debug_line    0x0000000000000000       0xd3 task2.o

.debug_info     0x0000000000000000       0x22
 .debug_info    0x0000000000000000       0x22 task2.o

.debug_abbrev   0x0000000000000000       0x12
 .debug_abbrev  0x0000000000000000       0x12 task2.o

.debug_aranges  0x0000000000000000       0x28
 .debug_aranges
                0x0000000000000000       0x28 task2.o

.debug_str      0x0000000000000000       0x35
 .debug_str     0x0000000000000000       0x35 task2.o

.debug_ranges   0x0000000000000000       0x20
 .debug_ranges  0x0000000000000000       0x20 task2.o

Cross Reference Table

Symbol                                            File
delay                                             task2.o
init                                              task2.o
main                                              task2.o
stop                                              task2.o
todolight                                         task2.o
